!! Stable time step reinitialized to beta = 0.37
Convolution kernel correctly loaded from nu_.33_h11.dat
Convolution kernel correctly loaded from nu_.33_h22.dat
Convolution kernel correctly loaded from nu_.33_k12.dat
Convolution kernel correctly loaded from nu_.35_h11b.dat
Convolution kernel correctly loaded from nu_.35_h22b.dat
Convolution kernel correctly loaded from nu_.35_k12b.dat
        delta_s        delta_n      tau_str^s      tau_str^n            E_s            E_n           E_fr
              0              0          5e+06          5e+06        5.36982       0.267637              0
    0.000102198              0              0              0        22.2222       0.534745              0
    0.000272418    3.62753e-05              0              0         40.264       0.566068              0
    0.000505967    6.47214e-05              0              0         40.264       0.566068              0
    0.000729648    0.000187713              0              0         40.264       0.566068              0
    0.000968276    0.000226578              0              0         40.264       0.566068              0
     0.00118899    0.000240304              0              0         40.264       0.566068              0
     0.00144959    0.000253543              0              0         40.264       0.566068              0
     0.00167911    0.000293361              0              0         40.264       0.566068              0
     0.00187884    0.000353179              0              0         40.264       0.566068              0
